
> pllm-docs@0.1.0 test
> node --test tests/*.test.mjs

TAP version 13
# Subtest: navigation has unique routes
ok 1 - navigation has unique routes
  ---
  duration_ms: 1.073248
  type: 'test'
  ...
# Subtest: all local content links resolve
ok 2 - all local content links resolve
  ---
  duration_ms: 3.485617
  type: 'test'
  ...
# Subtest: required user journeys exist
ok 3 - required user journeys exist
  ---
  duration_ms: 0.261698
  type: 'test'
  ...
# Subtest: private provider is not documented as ordinary Responses base URL
ok 4 - private provider is not documented as ordinary Responses base URL
  ---
  duration_ms: 0.178744
  type: 'test'
  ...
# Subtest: paper and evidence are downloadable
ok 5 - paper and evidence are downloadable
  ---
  duration_ms: 0.301806
  type: 'test'
  ...
# Subtest: no fabricated registry-only install in quick start
ok 6 - no fabricated registry-only install in quick start
  ---
  duration_ms: 0.120258
  type: 'test'
  ...
# Subtest: Agents example disables tracing
ok 7 - Agents example disables tracing
  ---
  duration_ms: 0.191053
  type: 'test'
  ...
# Subtest: static export and privacy friendly assets
ok 8 - static export and privacy friendly assets
  ---
  duration_ms: 0.214708
  type: 'test'
  ...
# Subtest: root and project Pages paths are normalized
ok 9 - root and project Pages paths are normalized
  ---
  duration_ms: 0.744031
  type: 'test'
  ...
# Subtest: invalid paths fail before build
ok 10 - invalid paths fail before build
  ---
  duration_ms: 0.31065
  type: 'test'
  ...
# Subtest: downloads and search use the project path once
ok 11 - downloads and search use the project path once
  ---
  duration_ms: 0.197032
  type: 'test'
  ...
# Subtest: external links, anchors and protocol relative links stay unchanged
ok 12 - external links, anchors and protocol relative links stay unchanged
  ---
  duration_ms: 0.138194
  type: 'test'
  ...
# Subtest: trusted HTML links work on GitHub project Pages
ok 13 - trusted HTML links work on GitHub project Pages
  ---
  duration_ms: 0.238342
  type: 'test'
  ...
1..13
# tests 13
# suites 0
# pass 13
# fail 0
# cancelled 0
# skipped 0
# todo 0
# duration_ms 87.942931

> pllm-docs@0.1.0 check:content
> node scripts/check-content.mjs

{
  "pages": 29,
  "errors": []
}
